// Jest Snapshot v1, https://goo.gl/fbAQLP

exports[`OnboardingJourney Component: EasyPinView renders correctly 1`] = `
<View
  accessible={true}
  clickable={true}
  isTVSelectable={true}
  onClick={[Function]}
  onResponderGrant={[Function]}
  onResponderMove={[Function]}
  onResponderRelease={[Function]}
  onResponderTerminate={[Function]}
  onResponderTerminationRequest={[Function]}
  onStartShouldSetResponder={[Function]}
  style={
    Object {
      "opacity": 1,
    }
  }
>
  <View
    style={
      Array [
        Array [
          Object {
            "borderColor": "rgba(0,0,0, 0.09)",
          },
          Object {
            "borderBottomColor": "#ECECEC",
            "borderBottomWidth": 8,
            "paddingVertical": 30,
          },
        ],
        undefined,
        Object {},
      ]
    }
  >
    <View
      style={
        Object {
          "paddingHorizontal": 20,
        }
      }
    >
      <View
        style={
          Object {
            "alignItems": "center",
            "flexDirection": "row",
            "justifyContent": "flex-start",
          }
        }
      >
        <View
          style={
            Object {
              "flex": 0,
              "height": 30,
              "justifyContent": "center",
              "width": 40,
            }
          }
        />
        <View
          style={
            Object {
              "alignItems": "flex-start",
              "flex": 1,
              "justifyContent": "flex-start",
              "paddingLeft": 20,
              "paddingRight": 10,
            }
          }
        >
          <Text
            style={
              Array [
                Object {
                  "color": "#000",
                  "fontSize": 14,
                },
                Object {
                  "color": "#FA3F70",
                },
              ]
            }
          />
        </View>
        <View
          style={
            Object {
              "alignItems": "flex-end",
              "flex": 0,
              "height": 30,
              "justifyContent": "center",
              "width": 30,
            }
          }
        >
          <Text
            allowFontScaling={false}
            style={
              Array [
                Object {
                  "color": undefined,
                  "fontSize": 10,
                },
                Object {
                  "color": "#000000",
                },
                Object {
                  "fontFamily": "simas",
                  "fontStyle": "normal",
                  "fontWeight": "normal",
                },
                Object {},
              ]
            }
          >
            î¤†
          </Text>
        </View>
      </View>
    </View>
  </View>
</View>
`;
