// Jest Snapshot v1, https://goo.gl/fbAQLP

exports[`Offers component Offers: renders correctly 1`] = `
<View
  style={
    Object {
      "backgroundColor": "#FFFFFF",
      "flex": 1,
      "marginBottom": 80,
      "padding": 5,
    }
  }
>
  <View
    onLayout={[Function]}
    onMomentumScrollEnd={[Function]}
    showsHorizontalScrollIndicator={false}
    showsVerticalScrollIndicator={false}
    stickyHeaderIndices={Array []}
    style={
      Array [
        Object {
          "flex": 1,
        },
        undefined,
      ]
    }
  >
    <View
      style={
        Array [
          Object {
            "flex": 1,
          },
          Object {},
        ]
      }
    >
      <View
        onLayout={[Function]}
        style={
          Array [
            Object {
              "borderColor": "#ccc",
              "borderLeftWidth": 0,
              "borderRightWidth": 0,
              "borderTopWidth": 0,
              "borderWidth": 1,
              "height": 50,
            },
            Object {
              "backgroundColor": "#FFFFFF",
            },
            Object {},
          ]
        }
      >
        <RCTScrollView
          automaticallyAdjustContentInsets={false}
          bounces={false}
          contentContainerStyle={
            Object {
              "flexGrow": 1,
              "justifyContent": "center",
            }
          }
          directionalLockEnabled={true}
          horizontal={true}
          scrollsToTop={false}
          showsHorizontalScrollIndicator={false}
          showsVerticalScrollIndicator={false}
        >
          <View>
            <View
              onLayout={[Function]}
              style={
                Array [
                  Object {
                    "flexDirection": "row",
                    "justifyContent": "space-around",
                  },
                  Object {
                    "width": null,
                  },
                  Object {},
                ]
              }
            >
              <View
                accessibilityLabel="Promo"
                accessible={true}
                clickable={true}
                isTVSelectable={true}
                onClick={[Function]}
                onLayout={[Function]}
                onResponderGrant={[Function]}
                onResponderMove={[Function]}
                onResponderRelease={[Function]}
                onResponderTerminate={[Function]}
                onResponderTerminationRequest={[Function]}
                onStartShouldSetResponder={[Function]}
                style={
                  Object {
                    "opacity": 1,
                  }
                }
              >
                <View
                  style={
                    Array [
                      Object {
                        "alignItems": "center",
                        "height": 49,
                        "justifyContent": "center",
                        "paddingLeft": 20,
                        "paddingRight": 20,
                      },
                      Object {},
                    ]
                  }
                >
                  <Text
                    style={
                      Array [
                        Object {
                          "color": "#000000",
                          "fontWeight": "bold",
                        },
                        undefined,
                      ]
                    }
                  >
                    Promo
                  </Text>
                </View>
              </View>
              <View
                accessibilityLabel="Merchant"
                accessible={true}
                clickable={true}
                isTVSelectable={true}
                onClick={[Function]}
                onLayout={[Function]}
                onResponderGrant={[Function]}
                onResponderMove={[Function]}
                onResponderRelease={[Function]}
                onResponderTerminate={[Function]}
                onResponderTerminationRequest={[Function]}
                onStartShouldSetResponder={[Function]}
                style={
                  Object {
                    "opacity": 1,
                  }
                }
              >
                <View
                  style={
                    Array [
                      Object {
                        "alignItems": "center",
                        "height": 49,
                        "justifyContent": "center",
                        "paddingLeft": 20,
                        "paddingRight": 20,
                      },
                      Object {},
                    ]
                  }
                >
                  <Text
                    style={
                      Array [
                        Object {
                          "color": "#9E9E9E",
                          "fontWeight": "normal",
                        },
                        undefined,
                      ]
                    }
                  >
                    Merchant
                  </Text>
                </View>
              </View>
              <View
                style={
                  Object {
                    "backgroundColor": "#FA3F70",
                    "bottom": 0,
                    "height": 4,
                    "left": 0,
                    "position": "absolute",
                    "width": 0,
                  }
                }
              />
            </View>
          </View>
        </RCTScrollView>
      </View>
      <RCTScrollView
        alwaysBounceVertical={false}
        automaticallyAdjustContentInsets={false}
        contentOffset={
          Object {
            "x": 0,
          }
        }
        directionalLockEnabled={true}
        horizontal={true}
        keyboardDismissMode="on-drag"
        onMomentumScrollBegin={[Function]}
        onMomentumScrollEnd={[Function]}
        onScroll={[Function]}
        pagingEnabled={true}
        scrollEnabled={false}
        scrollEventThrottle={16}
        scrollsToTop={false}
      >
        <View>
          <View
            style={
              Object {
                "width": 750,
              }
            }
          >
            <View
              style={
                Object {
                  "paddingHorizontal": 10,
                  "paddingVertical": 10,
                }
              }
              tabLabel="Promo"
            >
              <View>
                <View
                  style={
                    Object {
                      "alignItems": "center",
                      "flexDirection": "row",
                      "justifyContent": "center",
                    }
                  }
                >
                  <Text>
                    No Offers for this Category
                  </Text>
                </View>
              </View>
            </View>
          </View>
          <View
            style={
              Object {
                "width": 750,
              }
            }
          >
            <View
              tabLabel="Merchant"
            />
          </View>
        </View>
      </RCTScrollView>
    </View>
  </View>
</View>
`;
