// Jest Snapshot v1, https://goo.gl/fbAQLP

exports[`HowReferralWorks component renders correctly 1`] = `
<RCTScrollView>
  <View>
    <View
      style={
        Object {
          "backgroundColor": "#E30717",
        }
      }
    >
      <View
        style={
          Object {
            "backgroundColor": "#FA3F70",
            "flexDirection": "row",
            "justifyContent": "center",
            "paddingBottom": 10,
          }
        }
      >
        <View
          accessible={true}
          clickable={true}
          isTVSelectable={true}
          onClick={[Function]}
          onResponderGrant={[Function]}
          onResponderMove={[Function]}
          onResponderRelease={[Function]}
          onResponderTerminate={[Function]}
          onResponderTerminationRequest={[Function]}
          onStartShouldSetResponder={[Function]}
          style={
            Object {
              "opacity": 1,
            }
          }
        >
          <View
            style={
              Object {
                "alignItems": "center",
                "backgroundColor": "#FA3F70",
                "borderBottomLeftRadius": 5,
                "borderColor": "#FFFFFF",
                "borderTopLeftRadius": 5,
                "borderWidth": 1,
                "height": 40,
                "justifyContent": "center",
                "paddingHorizontal": 35,
                "width": 150,
              }
            }
          >
            <Text
              style={
                Object {
                  "color": "#FFFFFF",
                  "fontSize": 14,
                }
              }
            >
              You
            </Text>
          </View>
        </View>
        <View
          accessible={true}
          clickable={true}
          isTVSelectable={true}
          onClick={[Function]}
          onResponderGrant={[Function]}
          onResponderMove={[Function]}
          onResponderRelease={[Function]}
          onResponderTerminate={[Function]}
          onResponderTerminationRequest={[Function]}
          onStartShouldSetResponder={[Function]}
          style={
            Object {
              "opacity": 1,
            }
          }
        >
          <View
            style={
              Object {
                "alignItems": "center",
                "backgroundColor": "#FFFFFF",
                "borderBottomRightRadius": 5,
                "borderColor": "#FFFFFF",
                "borderTopRightRadius": 5,
                "borderWidth": 1,
                "height": 40,
                "justifyContent": "center",
                "paddingHorizontal": 35,
                "width": 150,
              }
            }
          >
            <Text
              style={
                Object {
                  "color": "#000000",
                  "fontSize": 14,
                  "fontWeight": "700",
                }
              }
            >
              Your Friend
            </Text>
          </View>
        </View>
      </View>
      <View>
        <RCTScrollView>
          <View>
            <View>
              <View
                style={
                  Object {
                    "alignItems": "center",
                    "paddingBottom": 20,
                    "paddingTop": 20,
                  }
                }
              >
                <View
                  style={
                    Object {
                      "alignItems": "center",
                      "backgroundColor": "#FFFFFF",
                      "borderColor": "#FFFFFF",
                      "borderRadius": 12,
                      "borderWidth": 2,
                      "height": 25,
                      "justifyContent": "center",
                      "width": 25,
                    }
                  }
                >
                  <Text
                    style={
                      Object {
                        "color": "#ED1D25",
                        "fontWeight": "700",
                      }
                    }
                  >
                    1
                  </Text>
                </View>
                <View
                  style={
                    Object {
                      "alignItems": "center",
                      "paddingTop": 10,
                    }
                  }
                >
                  <Text
                    style={
                      Object {
                        "color": "#FFFFFF",
                        "fontFamily": "Roboto",
                      }
                    }
                  >
                    Ini Kode
                     
                  </Text>
                  <Text
                    style={
                      Object {
                        "color": "#FFFFFF",
                        "fontFamily": "Roboto",
                        "fontWeight": "700",
                      }
                    }
                  >
                    Referal kamu
                     
                  </Text>
                </View>
              </View>
              <View>
                <Image
                  source="MgmCode.png"
                  style={
                    Object {
                      "alignSelf": "center",
                      "height": 1224,
                      "width": 598.4,
                    }
                  }
                />
              </View>
              <View
                style={
                  Object {
                    "alignItems": "center",
                    "paddingBottom": 20,
                    "paddingTop": 30,
                  }
                }
              >
                <View
                  style={
                    Object {
                      "alignItems": "center",
                      "backgroundColor": "#FFFFFF",
                      "borderColor": "#FFFFFF",
                      "borderRadius": 12,
                      "borderWidth": 2,
                      "height": 25,
                      "justifyContent": "center",
                      "width": 25,
                    }
                  }
                >
                  <Text
                    style={
                      Object {
                        "color": "#ED1D25",
                        "fontWeight": "700",
                      }
                    }
                  >
                    2
                  </Text>
                </View>
                <View
                  style={
                    Object {
                      "alignItems": "center",
                      "paddingTop": 10,
                    }
                  }
                >
                  <Text
                    style={
                      Object {
                        "color": "#FFFFFF",
                        "fontFamily": "Roboto",
                      }
                    }
                  >
                    Untuk membagikan kode kamu
                     
                  </Text>
                  <View
                    style={
                      Object {
                        "flexDirection": "row",
                      }
                    }
                  >
                    <Text
                      style={
                        Object {
                          "color": "#FFFFFF",
                          "fontFamily": "Roboto",
                        }
                      }
                    >
                      tekan tombol
                       
                    </Text>
                    <Text
                      style={
                        Object {
                          "color": "#FFFFFF",
                          "fontFamily": "Roboto",
                          "fontWeight": "700",
                        }
                      }
                    >
                      BAGIKAN
                       
                    </Text>
                  </View>
                  <Text
                    style={
                      Object {
                        "color": "#FFFFFF",
                        "fontFamily": "Roboto",
                      }
                    }
                  >
                     Kode Referal kamu siap untuk di bagikan.
                     
                  </Text>
                </View>
              </View>
              <View
                style={
                  Object {
                    "paddingBottom": 30,
                  }
                }
              >
                <Image
                  source="MgmShare.png"
                  style={
                    Object {
                      "alignSelf": "center",
                      "height": 1224,
                      "width": 598.4,
                    }
                  }
                />
              </View>
            </View>
          </View>
        </RCTScrollView>
      </View>
    </View>
  </View>
</RCTScrollView>
`;
