// Jest Snapshot v1, https://goo.gl/fbAQLP

exports[`Home: QROnboard page renders correctly 1`] = `null`;
