// Jest Snapshot v1, https://goo.gl/fbAQLP

exports[`LuckyDrawTnC component LuckyDrawTnC: renders correctly 1`] = `null`;
