// Jest Snapshot v1, https://goo.gl/fbAQLP

exports[`WebViewCreateSign component renders correctly 1`] = `
<View
  style={
    Array [
      Object {
        "padding": 20,
      },
      Object {
        "backgroundColor": "#FFFFFF",
        "flex": 1,
        "paddingBottom": 15,
        "paddingTop": 5,
      },
    ]
  }
>
  <View
    style={
      Object {
        "flex": 1,
      }
    }
  >
    <RCTWebView
      messagingEnabled={false}
      onLoadingError={[Function]}
      onLoadingFinish={[Function]}
      onLoadingStart={[Function]}
      onMessage={[Function]}
      onShouldStartLoadWithRequest={[Function]}
      scalesPageToFit={true}
      source={
        Object {
          "uri": undefined,
        }
      }
      style={
        Array [
          Object {
            "flex": 1,
          },
          Object {
            "backgroundColor": "#ffffff",
          },
          undefined,
          Object {
            "flex": 0,
            "height": 0,
          },
        ]
      }
    />
    <View
      style={
        Object {
          "alignItems": "center",
          "backgroundColor": "rgba(255,255,255,0.8)",
          "flex": 1,
          "height": 100,
          "justifyContent": "center",
        }
      }
    >
      <ActivityIndicator
        animating={true}
        color="#999999"
        hidesWhenStopped={true}
        size="small"
      />
    </View>
  </View>
  <View
    style={
      Object {
        "paddingTop": 20,
      }
    }
  >
    <View
      style={
        Object {
          "flexDirection": "row",
          "paddingBottom": 10,
        }
      }
    >
      <Text>
        Note: Setelah berhasil register silahkan klik tombol "Continue" dibawah ini.
      </Text>
    </View>
    <View
      accessible={true}
      isTVSelectable={true}
      onResponderGrant={[Function]}
      onResponderMove={[Function]}
      onResponderRelease={[Function]}
      onResponderTerminate={[Function]}
      onResponderTerminationRequest={[Function]}
      onStartShouldSetResponder={[Function]}
      style={
        Object {
          "opacity": 1,
        }
      }
    >
      <View
        style={
          Array [
            Object {
              "alignItems": "center",
              "backgroundColor": "#ED1D25",
              "borderRadius": 30,
              "flexDirection": "row",
              "height": 47,
              "justifyContent": "center",
              "paddingHorizontal": 15,
            },
            undefined,
            Object {},
          ]
        }
      >
        <Text
          style={
            Object {
              "color": "#FFFFFF",
              "fontSize": 16,
            }
          }
        >
          LANJUTKAN
        </Text>
      </View>
    </View>
  </View>
</View>
`;
