// Jest Snapshot v1, https://goo.gl/fbAQLP

exports[`SavingAccountNPWPCamera Component: create new credit card journey renders correctly 1`] = `
<View
  style={
    Object {
      "flex": 1,
    }
  }
/>
`;
