// Jest Snapshot v1, https://goo.gl/fbAQLP

exports[`LoginFormView: Login form component renders correctly 1`] = `
<View
  style={
    Object {
      "backgroundColor": "#FA3F70",
      "flex": 1,
    }
  }
>
  <View
    style={
      Object {
        "backgroundColor": "#FFFFFF",
        "borderTopLeftRadius": 30,
        "borderTopRightRadius": 30,
        "flex": 1,
        "height": 1334,
        "marginTop": 5,
      }
    }
  >
    <RCTScrollView
      contentContainerStyle={
        Object {
          "borderTopLeftRadius": 30,
          "borderTopRightRadius": 30,
          "flexGrow": 1,
          "justifyContent": "space-between",
          "paddingBottom": 40,
        }
      }
    >
      <View>
        <View
          style={
            Object {
              "flexGrow": 1,
              "justifyContent": "space-between",
            }
          }
        >
          <View>
            <View
              style={
                Object {
                  "paddingHorizontal": 30,
                  "paddingTop": 30,
                }
              }
            >
              <View>
                <Image
                  source="simobiplus.png"
                  style={
                    Object {
                      "height": 43,
                      "marginRight": 10,
                      "width": 130,
                    }
                  }
                />
                <View
                  style={
                    Object {
                      "paddingBottom": 10,
                      "paddingTop": 20,
                    }
                  }
                >
                  <Text
                    style={
                      Object {
                        "color": "#000000",
                        "fontFamily": "roboto",
                        "fontSize": 30,
                      }
                    }
                  >
                    Selamat Datang!
                     
                    Senang bertemu dengan Anda
                  </Text>
                </View>
              </View>
            </View>
            <View
              style={
                Object {
                  "marginHorizontal": 30,
                  "marginTop": 10,
                }
              }
            >
              <View>
                <View>
                  <View
                    style={
                      Array [
                        Object {
                          "alignItems": "center",
                          "flexDirection": "row",
                          "justifyContent": "space-between",
                          "paddingHorizontal": 20,
                        },
                        Object {
                          "borderColor": "#ccc",
                          "borderRadius": 10,
                          "borderWidth": 1,
                          "marginVertical": 5,
                        },
                      ]
                    }
                  >
                    <View>
                      <View>
                        <Text
                          numberOfLines={1}
                          style={
                            Object {
                              "color": "#ccc",
                              "fontFamily": "roboto",
                              "fontSize": 14,
                              "left": 0,
                              "position": "absolute",
                              "top": 15,
                            }
                          }
                        >
                          Username / Nomor Telepon
                        </Text>
                      </View>
                      <TextInput
                        allowFontScaling={true}
                        autoCapitalize="none"
                        disabled={false}
                        disabledLineType="solid"
                        editable={true}
                        label=""
                        onBlur={[Function]}
                        onChangeText={[Function]}
                        onFocus={[Function]}
                        placeholder=""
                        rejectResponderTermination={true}
                        style={
                          Array [
                            Object {},
                            Object {
                              "color": "#000000",
                              "fontFamily": "roboto",
                              "fontSize": 14,
                              "fontWeight": "400",
                              "height": 50,
                              "marginBottom": -5,
                              "marginTop": 10,
                              "width": 630,
                            },
                          ]
                        }
                        tintColor="#D72F33"
                        underlineColorAndroid="transparent"
                        value=""
                      />
                    </View>
                    <View>
                      <Text
                        allowFontScaling={false}
                        style={
                          Array [
                            Object {
                              "color": undefined,
                              "fontSize": 18,
                            },
                            Object {
                              "color": "#000000",
                            },
                            Object {
                              "fontFamily": "simas",
                              "fontStyle": "normal",
                              "fontWeight": "normal",
                            },
                            Object {},
                          ]
                        }
                      >
                        î¥†
                      </Text>
                    </View>
                  </View>
                </View>
              </View>
              <View>
                <View>
                  <View>
                    <View
                      style={
                        Array [
                          Object {
                            "alignItems": "center",
                            "flexDirection": "row",
                            "justifyContent": "space-between",
                            "paddingHorizontal": 20,
                          },
                          Object {
                            "borderColor": "#ccc",
                            "borderRadius": 10,
                            "borderWidth": 1,
                            "marginVertical": 5,
                          },
                        ]
                      }
                    >
                      <View>
                        <View>
                          <Text
                            numberOfLines={1}
                            style={
                              Object {
                                "color": "#ccc",
                                "fontFamily": "roboto",
                                "fontSize": 14,
                                "left": 0,
                                "position": "absolute",
                                "top": 15,
                              }
                            }
                          >
                            Kata sandi
                          </Text>
                        </View>
                        <TextInput
                          allowFontScaling={true}
                          autoCapitalize="none"
                          disabled={false}
                          disabledLineType="solid"
                          editable={true}
                          label=""
                          maxLength={20}
                          onBlur={[Function]}
                          onChangeText={[Function]}
                          onFocus={[Function]}
                          placeholder=""
                          rejectResponderTermination={true}
                          secureTextEntry={true}
                          style={
                            Array [
                              Object {},
                              Object {
                                "color": "#000000",
                                "fontFamily": "roboto",
                                "fontSize": 14,
                                "fontWeight": "400",
                                "height": 50,
                                "marginBottom": -5,
                                "marginTop": 10,
                                "width": 630,
                              },
                            ]
                          }
                          tintColor="#D72F33"
                          underlineColorAndroid="transparent"
                          value=""
                        />
                      </View>
                      <View>
                        <Text
                          allowFontScaling={false}
                          style={
                            Array [
                              Object {
                                "color": undefined,
                                "fontSize": 18,
                              },
                              Object {
                                "color": "#000000",
                              },
                              Object {
                                "fontFamily": "simas",
                                "fontStyle": "normal",
                                "fontWeight": "normal",
                              },
                              Object {},
                            ]
                          }
                        >
                          
                        </Text>
                      </View>
                    </View>
                  </View>
                </View>
                <View
                  accessible={true}
                  clickable={true}
                  isTVSelectable={true}
                  onClick={[Function]}
                  onResponderGrant={[Function]}
                  onResponderMove={[Function]}
                  onResponderRelease={[Function]}
                  onResponderTerminate={[Function]}
                  onResponderTerminationRequest={[Function]}
                  onStartShouldSetResponder={[Function]}
                  style={
                    Object {
                      "opacity": 1,
                      "position": "absolute",
                      "right": 13,
                      "top": 17,
                      "width": 30,
                    }
                  }
                >
                  <Image
                    source="blackEyeIcon.png"
                  />
                </View>
              </View>
            </View>
            <View
              style={
                Object {
                  "flexDirection": "row",
                  "marginTop": 20,
                  "paddingHorizontal": 30,
                }
              }
            >
              <View
                accessible={true}
                clickable={true}
                isTVSelectable={true}
                onClick={[Function]}
                onResponderGrant={[Function]}
                onResponderMove={[Function]}
                onResponderRelease={[Function]}
                onResponderTerminate={[Function]}
                onResponderTerminationRequest={[Function]}
                onStartShouldSetResponder={[Function]}
                style={
                  Object {
                    "opacity": 1,
                  }
                }
              >
                <Text
                  style={
                    Object {
                      "color": "#666",
                      "fontFamily": "Roboto",
                      "fontSize": 14,
                      "fontWeight": "400",
                      "textAlign": "justify",
                    }
                  }
                >
                  Punya masalah login? 
                  <Text
                    style={
                      Object {
                        "color": "#FA3F70",
                      }
                    }
                  >
                    Reset password
                  </Text>
                </Text>
              </View>
            </View>
            <View
              style={
                Object {
                  "paddingVertical": 20,
                }
              }
            />
          </View>
          <View
            style={
              Object {
                "marginHorizontal": 30,
              }
            }
          >
            <View>
              <View
                style={
                  Object {
                    "paddingBottom": 20,
                  }
                }
              >
                <View
                  accessible={true}
                  clickable={true}
                  isTVSelectable={true}
                  onClick={[Function]}
                  onResponderGrant={[Function]}
                  onResponderMove={[Function]}
                  onResponderRelease={[Function]}
                  onResponderTerminate={[Function]}
                  onResponderTerminationRequest={[Function]}
                  onStartShouldSetResponder={[Function]}
                  style={
                    Object {
                      "opacity": 1,
                    }
                  }
                >
                  <View
                    style={
                      Array [
                        Object {
                          "alignItems": "center",
                          "backgroundColor": "#FA3F70",
                          "borderRadius": 30,
                          "flexDirection": "row",
                          "height": 47,
                          "justifyContent": "center",
                          "paddingHorizontal": 15,
                        },
                        undefined,
                        Object {},
                      ]
                    }
                  >
                    <Text
                      style={
                        Object {
                          "color": "#FFFFFF",
                        }
                      }
                    >
                      LOGIN
                    </Text>
                  </View>
                </View>
              </View>
            </View>
            <View
              accessible={true}
              clickable={true}
              isTVSelectable={true}
              onClick={[Function]}
              onResponderGrant={[Function]}
              onResponderMove={[Function]}
              onResponderRelease={[Function]}
              onResponderTerminate={[Function]}
              onResponderTerminationRequest={[Function]}
              onStartShouldSetResponder={[Function]}
              style={
                Object {
                  "alignItems": "center",
                  "opacity": 1,
                }
              }
            >
              <Text
                style={
                  Object {
                    "color": "#666",
                    "fontFamily": "Roboto",
                    "fontSize": 14,
                    "fontWeight": "400",
                    "textAlign": "justify",
                  }
                }
              >
                Tidak punya akun? 
                <Text
                  style={
                    Object {
                      "color": "#FA3F70",
                    }
                  }
                >
                   
                  Daftar disini
                </Text>
              </Text>
            </View>
          </View>
        </View>
      </View>
    </RCTScrollView>
  </View>
</View>
`;
