// Jest Snapshot v1, https://goo.gl/fbAQLP

exports[`TabAll component TabAll: renders correctly 1`] = `<View />`;
