// Jest Snapshot v1, https://goo.gl/fbAQLP

exports[`tabBannerOffers component renders correctly 1`] = `<tabBannerOffers />`;
