// Jest Snapshot v1, https://goo.gl/fbAQLP

exports[`QRRefundList component QRRefundList: renders correctly 1`] = `
<KeyboardAwareScrollView
  extraHeight={120}
  keyboardShouldPersistTaps="handled"
  style={Object {}}
/>
`;
