// Jest Snapshot v1, https://goo.gl/fbAQLP

exports[`CardLessWithdrawalIndex page renders correctly 1`] = `
<RCTScrollView
  style={
    Object {
      "backgroundColor": "#FFFFFF",
      "flex": 1,
    }
  }
>
  <View>
    <View
      style={
        Object {
          "backgroundColor": "#FFFFFF",
          "flex": 1,
        }
      }
    >
      <View
        style={
          Object {
            "paddingLeft": 20,
            "paddingRight": 20,
            "paddingTop": 20,
          }
        }
      >
        <Text
          style={
            Array [
              Object {
                "color": "#000",
                "fontSize": 12,
                "fontWeight": "700",
              },
              Object {
                "color": "#000",
                "fontSize": 18,
              },
              Object {
                "fontWeight": "700",
                "marginBottom": 5,
              },
            ]
          }
        >
          Tarik Tunai Menggunakan Nomor Telepon
        </Text>
      </View>
      <View
        style={
          Object {
            "alignItems": "center",
            "flexDirection": "row",
            "paddingTop": 50,
          }
        }
      >
        <View
          style={
            Object {
              "bottom": 40,
              "flex": 1,
              "height": 50,
              "marginLeft": 20,
              "paddingLeft": 20,
            }
          }
        >
          <View
            style={
              Object {
                "justifyContent": "space-between",
                "marginLeft": -20,
                "marginRight": 25,
              }
            }
          >
            <View>
              <View>
                <View
                  style={
                    Array [
                      Object {
                        "alignItems": "center",
                        "flexDirection": "row",
                        "justifyContent": "space-between",
                      },
                      Object {
                        "borderColor": "#949494",
                        "borderRadius": 5,
                        "borderWidth": 1,
                      },
                    ]
                  }
                >
                  <Text
                    style={
                      Array [
                        Array [
                          Object {
                            "fontWeight": "600",
                          },
                          Object {
                            "color": "#000000",
                            "fontFamily": "Roboto",
                            "fontSize": 20,
                          },
                        ],
                        Object {
                          "marginLeft": 10,
                        },
                      ]
                    }
                  >
                    
                  </Text>
                  <TextInput
                    allowFontScaling={true}
                    autoCapitalize="none"
                    disabled={false}
                    disabledLineType="solid"
                    editable={true}
                    keyboardType="phone-pad"
                    label=""
                    maxLength={30}
                    onBlur={[Function]}
                    onChangeText={[Function]}
                    onFocus={[Function]}
                    placeholder="Nomor Telepon"
                    rejectResponderTermination={true}
                    style={
                      Object {
                        "color": "#000000",
                        "fontFamily": "Roboto",
                        "fontSize": 16,
                        "height": 50,
                        "width": 630,
                      }
                    }
                    tintColor="#D72F33"
                    underlineColorAndroid="transparent"
                    value=""
                  />
                  <View>
                    <Text
                      allowFontScaling={false}
                      style={
                        Array [
                          Object {
                            "color": undefined,
                            "fontSize": 25,
                          },
                          Object {
                            "color": "#000000",
                            "marginRight": 10,
                          },
                          Object {
                            "fontFamily": "simas",
                            "fontStyle": "normal",
                            "fontWeight": "normal",
                          },
                          Object {},
                        ]
                      }
                    >
                      
                    </Text>
                  </View>
                </View>
              </View>
            </View>
            <View
              accessible={true}
              isTVSelectable={true}
              onResponderGrant={[Function]}
              onResponderMove={[Function]}
              onResponderRelease={[Function]}
              onResponderTerminate={[Function]}
              onResponderTerminationRequest={[Function]}
              onStartShouldSetResponder={[Function]}
              style={
                Object {
                  "marginTop": 12,
                  "opacity": 1,
                  "position": "absolute",
                  "right": 10,
                }
              }
            >
              <View>
                <Text
                  allowFontScaling={false}
                  style={
                    Array [
                      Object {
                        "color": undefined,
                        "fontSize": 25,
                      },
                      undefined,
                      Object {
                        "fontFamily": "simas",
                        "fontStyle": "normal",
                        "fontWeight": "normal",
                      },
                      Object {},
                    ]
                  }
                >
                  
                </Text>
              </View>
            </View>
          </View>
          <View
            style={
              Object {
                "alignItems": "center",
                "justifyContent": "center",
              }
            }
          >
            <View
              style={
                Object {
                  "flexDirection": "row",
                  "justifyContent": "center",
                  "paddingVertical": 10,
                }
              }
            >
              <View
                style={
                  Object {
                    "backgroundColor": "#949494",
                    "height": 1,
                    "marginTop": 20,
                    "right": 20,
                    "width": 135,
                  }
                }
              />
              <Text
                style={
                  Object {
                    "color": "#949494",
                    "fontSize": 12,
                    "paddingHorizontal": 15,
                    "paddingVertical": 10,
                  }
                }
              >
                ATAU
              </Text>
              <View
                style={
                  Object {
                    "backgroundColor": "#949494",
                    "height": 1,
                    "left": 20,
                    "marginTop": 20,
                    "width": 135,
                  }
                }
              />
            </View>
          </View>
        </View>
        <View
          accessible={true}
          isTVSelectable={true}
          onResponderGrant={[Function]}
          onResponderMove={[Function]}
          onResponderRelease={[Function]}
          onResponderTerminate={[Function]}
          onResponderTerminationRequest={[Function]}
          onStartShouldSetResponder={[Function]}
          style={
            Object {
              "bottom": 33,
              "opacity": 1,
              "paddingRight": 20,
            }
          }
        >
          <View
            style={
              Object {
                "flex": 1,
                "marginTop": 5,
              }
            }
          >
            <Text
              allowFontScaling={false}
              style={
                Array [
                  Object {
                    "color": undefined,
                    "fontSize": 30,
                  },
                  Object {
                    "borderColor": "#ED1D25",
                    "color": "#FF8E8E",
                  },
                  Object {
                    "fontFamily": "simas",
                    "fontStyle": "normal",
                    "fontWeight": "normal",
                  },
                  Object {},
                ]
              }
            >
              
            </Text>
          </View>
        </View>
      </View>
      <View
        style={
          Object {
            "flex": 1,
            "marginTop": 10,
            "paddingHorizontal": 20,
          }
        }
      >
        <Text
          style={
            Array [
              Object {
                "color": "#000",
                "fontSize": 18,
              },
              Object {
                "color": "#000000",
                "fontFamily": "roboto",
              },
            ]
          }
        >
          Cari dari transaksi sebelumnya
        </Text>
        <View
          style={
            Object {
              "borderColor": "#949494",
              "borderRadius": 5,
              "borderWidth": 1,
              "flexDirection": "row",
              "justifyContent": "space-between",
              "marginBottom": 10,
              "marginTop": 15,
              "paddingHorizontal": 10,
              "paddingVertical": 15,
            }
          }
        >
          <TextInput
            allowFontScaling={true}
            maxLength={20}
            onChangeText={[Function]}
            placeholder="Nomor Telepon"
            rejectResponderTermination={true}
            style={
              Object {
                "flex": 1,
                "fontSize": 16,
              }
            }
            underlineColorAndroid="transparent"
            value=""
          />
          <View
            style={
              Object {
                "justifyContent": "center",
              }
            }
          >
            <Text
              allowFontScaling={false}
              style={
                Array [
                  Object {
                    "color": undefined,
                    "fontSize": 20,
                  },
                  Object {
                    "color": "#000000",
                    "fontFamily": "roboto",
                  },
                  Object {
                    "fontFamily": "simas",
                    "fontStyle": "normal",
                    "fontWeight": "normal",
                  },
                  Object {},
                ]
              }
            >
              
            </Text>
          </View>
        </View>
        <View
          style={
            Object {
              "alignItems": "center",
              "marginTop": 30,
            }
          }
        >
          <Text
            style={
              Object {
                "color": "#949494",
                "fontFamily": "roboto",
                "fontSize": 14,
                "fontWeight": "300",
              }
            }
          >
            Belum ada data yang bisa ditampilkan
          </Text>
        </View>
      </View>
    </View>
  </View>
</RCTScrollView>
`;
