// Jest Snapshot v1, https://goo.gl/fbAQLP

exports[`NTB Onboarding: form page renders correctly 1`] = `
<KeyboardAwareScrollView
  contentContainerStyle={
    Object {
      "backgroundColor": "#FFFFFF",
      "flex": 1,
      "justifyContent": "space-between",
    }
  }
  extraHeight={120}
  keyboardShouldPersistTaps="handled"
>
  <View>
    <View
      style={
        Object {
          "paddingHorizontal": 40,
          "paddingTop": 20,
        }
      }
    >
      <Text
        style={
          Object {
            "color": "#000000",
            "fontSize": 24,
          }
        }
      >
        Pilih Produk yang Anda inginkan
      </Text>
    </View>
    <View
      style={
        Object {
          "paddingBottom": 30,
          "paddingHorizontal": 40,
          "paddingTop": 20,
        }
      }
    >
      <Text>
        Pilih Jenis Produk
      </Text>
      <View>
        <View
          accessible={true}
          clickable={true}
          isTVSelectable={true}
          onClick={[Function]}
          onResponderGrant={[Function]}
          onResponderMove={[Function]}
          onResponderRelease={[Function]}
          onResponderTerminate={[Function]}
          onResponderTerminationRequest={[Function]}
          onStartShouldSetResponder={[Function]}
          style={
            Object {
              "opacity": 1,
            }
          }
        >
          <View>
            <View
              style={
                Object {
                  "flexDirection": "row",
                  "paddingTop": 10,
                }
              }
            >
              <View
                style={
                  Object {
                    "alignItems": "center",
                    "borderColor": "#FA3F70",
                    "borderRadius": 12,
                    "borderWidth": 2,
                    "height": 20,
                    "justifyContent": "center",
                    "width": 20,
                  }
                }
              />
              <View
                style={
                  Object {
                    "flex": 1,
                    "flexDirection": "row",
                    "justifyContent": "space-between",
                  }
                }
              >
                <Text
                  style={
                    Object {
                      "fontSize": 14,
                      "fontWeight": "100",
                      "paddingLeft": 5,
                    }
                  }
                >
                  Rekening Tabungan
                </Text>
                <Text
                  style={
                    Object {
                      "fontSize": 14,
                      "fontWeight": "100",
                      "paddingLeft": 5,
                    }
                  }
                />
              </View>
            </View>
          </View>
        </View>
        <View
          accessible={true}
          clickable={true}
          isTVSelectable={true}
          onClick={[Function]}
          onResponderGrant={[Function]}
          onResponderMove={[Function]}
          onResponderRelease={[Function]}
          onResponderTerminate={[Function]}
          onResponderTerminationRequest={[Function]}
          onStartShouldSetResponder={[Function]}
          style={
            Object {
              "opacity": 1,
            }
          }
        >
          <View>
            <View
              style={
                Object {
                  "flexDirection": "row",
                  "paddingTop": 10,
                }
              }
            >
              <View
                style={
                  Object {
                    "alignItems": "center",
                    "borderColor": "#FA3F70",
                    "borderRadius": 12,
                    "borderWidth": 2,
                    "height": 20,
                    "justifyContent": "center",
                    "width": 20,
                  }
                }
              />
              <View
                style={
                  Object {
                    "flex": 1,
                    "flexDirection": "row",
                    "justifyContent": "space-between",
                  }
                }
              >
                <Text
                  style={
                    Object {
                      "fontSize": 14,
                      "fontWeight": "100",
                      "paddingLeft": 5,
                    }
                  }
                >
                  Deposito Online
                </Text>
                <Text
                  style={
                    Object {
                      "fontSize": 14,
                      "fontWeight": "100",
                      "paddingLeft": 5,
                    }
                  }
                />
              </View>
            </View>
          </View>
        </View>
      </View>
    </View>
    <View
      accessible={true}
      clickable={true}
      isTVSelectable={true}
      onClick={[Function]}
      onResponderGrant={[Function]}
      onResponderMove={[Function]}
      onResponderRelease={[Function]}
      onResponderTerminate={[Function]}
      onResponderTerminationRequest={[Function]}
      onStartShouldSetResponder={[Function]}
      style={
        Object {
          "flexDirection": "row",
          "opacity": 1,
          "paddingLeft": 40,
        }
      }
    >
      <Text>
        Pelajari lebih lanjut tentang produk
         
      </Text>
      <Image
        source="red-arrow-up.png"
        style={
          Object {
            "height": 25,
            "width": 25,
          }
        }
      />
    </View>
  </View>
  <View
    style={
      Object {
        "paddingBottom": 20,
        "paddingTop": 10,
      }
    }
  >
    <View
      style={
        Object {
          "paddingHorizontal": 68.18181818181819,
          "paddingTop": 40,
          "width": 750,
        }
      }
    >
      <View
        accessible={true}
        clickable={true}
        isTVSelectable={true}
        onClick={[Function]}
        onResponderGrant={[Function]}
        onResponderMove={[Function]}
        onResponderRelease={[Function]}
        onResponderTerminate={[Function]}
        onResponderTerminationRequest={[Function]}
        onStartShouldSetResponder={[Function]}
        style={
          Object {
            "opacity": 1,
          }
        }
      >
        <View
          style={
            Array [
              Object {
                "alignItems": "center",
                "backgroundColor": "#FA3F70",
                "borderRadius": 30,
                "flexDirection": "row",
                "height": 47,
                "justifyContent": "center",
                "paddingHorizontal": 15,
              },
              undefined,
              Object {},
            ]
          }
        >
          <Text
            style={
              Object {
                "color": "#FFFFFF",
                "fontSize": 16,
                "textAlign": "center",
                "width": 250,
              }
            }
          >
            KIRIM
          </Text>
        </View>
      </View>
    </View>
  </View>
</KeyboardAwareScrollView>
`;
